PREHOOK: query: CREATE TABLE dest_j1(key INT, value STRING) STORED AS TEXTFILE
PREHOOK: type: CREATETABLE
POSTHOOK: query: CREATE TABLE dest_j1(key INT, value STRING) STORED AS TEXTFILE
POSTHOOK: type: CREATETABLE
POSTHOOK: Output: default@dest_j1
PREHOOK: query: explain
FROM src src1 JOIN src src2 ON (src1.key = src2.key)
INSERT OVERWRITE TABLE dest_j1 SELECT src1.key, src2.value
PREHOOK: type: QUERY
POSTHOOK: query: explain
FROM src src1 JOIN src src2 ON (src1.key = src2.key)
INSERT OVERWRITE TABLE dest_j1 SELECT src1.key, src2.value
POSTHOOK: type: QUERY
ABSTRACT SYNTAX TREE:
  (TOK_QUERY (TOK_FROM (TOK_JOIN (TOK_TABREF (TOK_TABNAME src) src1) (TOK_TABREF (TOK_TABNAME src) src2) (= (. (TOK_TABLE_OR_COL src1) key) (. (TOK_TABLE_OR_COL src2) key)))) (TOK_INSERT (TOK_DESTINATION (TOK_TAB (TOK_TABNAME dest_j1))) (TOK_SELECT (TOK_SELEXPR (. (TOK_TABLE_OR_COL src1) key)) (TOK_SELEXPR (. (TOK_TABLE_OR_COL src2) value)))))

STAGE DEPENDENCIES:
  Stage-1 is a root stage
  Stage-8 depends on stages: Stage-1 , consists of Stage-5, Stage-4, Stage-6
  Stage-5
  Stage-2 depends on stages: Stage-5, Stage-4, Stage-7
  Stage-0 depends on stages: Stage-2
  Stage-3 depends on stages: Stage-0
  Stage-4
  Stage-6
  Stage-7 depends on stages: Stage-6

STAGE PLANS:
  Stage: Stage-1
    Tez
      Alias -> Map Operator Tree:
        src2 
          TableScan
            alias: src2
            Reduce Output Operator
              key expressions:
                    expr: key
                    type: string
              sort order: +
              Map-reduce partition columns:
                    expr: key
                    type: string
              tag: 1
              value expressions:
                    expr: value
                    type: string
      Alias -> Map Operator Tree:
        src1 
          TableScan
            alias: src1
            Map Join Operator
              condition map:
                   Inner Join 0 to 1
              condition expressions:
                0 {key}
                1 {value}
              handleSkewJoin: false
              keys:
                0 [Column[key]]
                1 [Column[key]]
              outputColumnNames: _col0, _col5
              Position of Big Table: 0
              Select Operator
                expressions:
                      expr: UDFToInteger(_col0)
                      type: int
                      expr: _col5
                      type: string
                outputColumnNames: _col0, _col1
                File Output Operator
                  compressed: false
                  GlobalTableId: 1
                  table:
                      input format: org.apache.hadoop.mapred.TextInputFormat
                      output format: org.apache.hadoop.hive.ql.io.HiveIgnoreKeyTextOutputFormat
                      serde: org.apache.hadoop.hive.serde2.lazy.LazySimpleSerDe
                      name: default.dest_j1

  Stage: Stage-8
    Conditional Operator

  Stage: Stage-5
    Move Operator
      files:
          hdfs directory: true
#### A masked pattern was here ####

  Stage: Stage-2
    Dependency Collection

  Stage: Stage-0
    Move Operator
      tables:
          replace: true
          table:
              input format: org.apache.hadoop.mapred.TextInputFormat
              output format: org.apache.hadoop.hive.ql.io.HiveIgnoreKeyTextOutputFormat
              serde: org.apache.hadoop.hive.serde2.lazy.LazySimpleSerDe
              name: default.dest_j1

  Stage: Stage-3
    Stats-Aggr Operator

  Stage: Stage-4
    Tez
      Alias -> Map Operator Tree:
#### A masked pattern was here ####
          TableScan
            File Output Operator
              compressed: false
              GlobalTableId: 0
              table:
                  input format: org.apache.hadoop.mapred.TextInputFormat
                  output format: org.apache.hadoop.hive.ql.io.HiveIgnoreKeyTextOutputFormat
                  serde: org.apache.hadoop.hive.serde2.lazy.LazySimpleSerDe
                  name: default.dest_j1

  Stage: Stage-6
    Tez
      Alias -> Map Operator Tree:
#### A masked pattern was here ####
          TableScan
            File Output Operator
              compressed: false
              GlobalTableId: 0
              table:
                  input format: org.apache.hadoop.mapred.TextInputFormat
                  output format: org.apache.hadoop.hive.ql.io.HiveIgnoreKeyTextOutputFormat
                  serde: org.apache.hadoop.hive.serde2.lazy.LazySimpleSerDe
                  name: default.dest_j1

  Stage: Stage-7
    Move Operator
      files:
          hdfs directory: true
#### A masked pattern was here ####

PREHOOK: query: FROM src src1 JOIN src src2 ON (src1.key = src2.key)
INSERT OVERWRITE TABLE dest_j1 SELECT src1.key, src2.value
PREHOOK: type: QUERY
PREHOOK: Input: default@src
PREHOOK: Output: default@dest_j1
POSTHOOK: query: FROM src src1 JOIN src src2 ON (src1.key = src2.key)
INSERT OVERWRITE TABLE dest_j1 SELECT src1.key, src2.value
POSTHOOK: type: QUERY
POSTHOOK: Input: default@src
POSTHOOK: Output: default@dest_j1
POSTHOOK: Lineage: dest_j1.key EXPRESSION [(src)src1.FieldSchema(name:key, type:string, comment:default), ]
POSTHOOK: Lineage: dest_j1.value SIMPLE [(src)src2.FieldSchema(name:value, type:string, comment:default), ]
PREHOOK: query: SELECT sum(hash(dest_j1.key,dest_j1.value)) FROM dest_j1
PREHOOK: type: QUERY
PREHOOK: Input: default@dest_j1
#### A masked pattern was here ####
POSTHOOK: query: SELECT sum(hash(dest_j1.key,dest_j1.value)) FROM dest_j1
POSTHOOK: type: QUERY
POSTHOOK: Input: default@dest_j1
#### A masked pattern was here ####
POSTHOOK: Lineage: dest_j1.key EXPRESSION [(src)src1.FieldSchema(name:key, type:string, comment:default), ]
POSTHOOK: Lineage: dest_j1.value SIMPLE [(src)src2.FieldSchema(name:value, type:string, comment:default), ]
101861029915
