PREHOOK: query: CREATE TABLE filter_join_breaktask(key int, value string) partitioned by (ds string)
PREHOOK: type: CREATETABLE
POSTHOOK: query: CREATE TABLE filter_join_breaktask(key int, value string) partitioned by (ds string)
POSTHOOK: type: CREATETABLE
POSTHOOK: Output: default@filter_join_breaktask
PREHOOK: query: INSERT OVERWRITE TABLE filter_join_breaktask PARTITION(ds='2008-04-08')
SELECT key, value from src1
PREHOOK: type: QUERY
PREHOOK: Input: default@src1
PREHOOK: Output: default@filter_join_breaktask@ds=2008-04-08
POSTHOOK: query: INSERT OVERWRITE TABLE filter_join_breaktask PARTITION(ds='2008-04-08')
SELECT key, value from src1
POSTHOOK: type: QUERY
POSTHOOK: Input: default@src1
POSTHOOK: Output: default@filter_join_breaktask@ds=2008-04-08
POSTHOOK: Lineage: filter_join_breaktask PARTITION(ds=2008-04-08).key EXPRESSION [(src1)src1.FieldSchema(name:key, type:string, comment:default), ]
POSTHOOK: Lineage: filter_join_breaktask PARTITION(ds=2008-04-08).value SIMPLE [(src1)src1.FieldSchema(name:value, type:string, comment:default), ]
PREHOOK: query: EXPLAIN EXTENDED  
SELECT f.key, g.value 
FROM filter_join_breaktask f JOIN filter_join_breaktask m ON( f.key = m.key AND f.ds='2008-04-08' AND m.ds='2008-04-08' AND f.key is not null) 
JOIN filter_join_breaktask g ON(g.value = m.value AND g.ds='2008-04-08' AND m.ds='2008-04-08' AND m.value is not null AND m.value !='')
PREHOOK: type: QUERY
POSTHOOK: query: EXPLAIN EXTENDED  
SELECT f.key, g.value 
FROM filter_join_breaktask f JOIN filter_join_breaktask m ON( f.key = m.key AND f.ds='2008-04-08' AND m.ds='2008-04-08' AND f.key is not null) 
JOIN filter_join_breaktask g ON(g.value = m.value AND g.ds='2008-04-08' AND m.ds='2008-04-08' AND m.value is not null AND m.value !='')
POSTHOOK: type: QUERY
POSTHOOK: Lineage: filter_join_breaktask PARTITION(ds=2008-04-08).key EXPRESSION [(src1)src1.FieldSchema(name:key, type:string, comment:default), ]
POSTHOOK: Lineage: filter_join_breaktask PARTITION(ds=2008-04-08).value SIMPLE [(src1)src1.FieldSchema(name:value, type:string, comment:default), ]
ABSTRACT SYNTAX TREE:
  (TOK_QUERY (TOK_FROM (TOK_JOIN (TOK_JOIN (TOK_TABREF (TOK_TABNAME filter_join_breaktask) f) (TOK_TABREF (TOK_TABNAME filter_join_breaktask) m) (AND (AND (AND (= (. (TOK_TABLE_OR_COL f) key) (. (TOK_TABLE_OR_COL m) key)) (= (. (TOK_TABLE_OR_COL f) ds) '2008-04-08')) (= (. (TOK_TABLE_OR_COL m) ds) '2008-04-08')) (TOK_FUNCTION TOK_ISNOTNULL (. (TOK_TABLE_OR_COL f) key)))) (TOK_TABREF (TOK_TABNAME filter_join_breaktask) g) (AND (AND (AND (AND (= (. (TOK_TABLE_OR_COL g) value) (. (TOK_TABLE_OR_COL m) value)) (= (. (TOK_TABLE_OR_COL g) ds) '2008-04-08')) (= (. (TOK_TABLE_OR_COL m) ds) '2008-04-08')) (TOK_FUNCTION TOK_ISNOTNULL (. (TOK_TABLE_OR_COL m) value))) (!= (. (TOK_TABLE_OR_COL m) value) '')))) (TOK_INSERT (TOK_DESTINATION (TOK_DIR TOK_TMP_FILE)) (TOK_SELECT (TOK_SELEXPR (. (TOK_TABLE_OR_COL f) key)) (TOK_SELEXPR (. (TOK_TABLE_OR_COL g) value)))))

STAGE DEPENDENCIES:
  Stage-1 is a root stage
  Stage-0 is a root stage

STAGE PLANS:
  Stage: Stage-1
    Tez
      Alias -> Map Operator Tree:
        f 
          TableScan
            alias: f
            Statistics:
                numRows: 59 dataSize: 236 basicStatsState: COMPLETE colStatsState: NONE
            GatherStats: false
            Filter Operator
              isSamplingPred: false
              predicate:
                  expr: key is not null
                  type: boolean
              Statistics:
                  numRows: 30 dataSize: 120 basicStatsState: COMPLETE colStatsState: NONE
              Reduce Output Operator
                key expressions:
                      expr: key
                      type: int
                sort order: +
                Map-reduce partition columns:
                      expr: key
                      type: int
                Statistics:
                    numRows: 30 dataSize: 120 basicStatsState: COMPLETE colStatsState: NONE
                tag: 0
                value expressions:
                      expr: key
                      type: int
      Path -> Alias:
#### A masked pattern was here ####
      Path -> Partition:
#### A masked pattern was here ####
          Partition
            input format: org.apache.hadoop.mapred.TextInputFormat
            output format: org.apache.hadoop.hive.ql.io.HiveIgnoreKeyTextOutputFormat
            partition values:
              ds 2008-04-08
            properties:
              COLUMN_STATS_ACCURATE true
              bucket_count -1
              columns key,value
              columns.types int:string
#### A masked pattern was here ####
              name default.filter_join_breaktask
              numFiles 1
              numRows 0
              partition_columns ds
              rawDataSize 0
              serialization.ddl struct filter_join_breaktask { i32 key, string value}
              serialization.format 1
              serialization.lib org.apache.hadoop.hive.serde2.lazy.LazySimpleSerDe
              totalSize 236
#### A masked pattern was here ####
            serde: org.apache.hadoop.hive.serde2.lazy.LazySimpleSerDe
          
              input format: org.apache.hadoop.mapred.TextInputFormat
              output format: org.apache.hadoop.hive.ql.io.HiveIgnoreKeyTextOutputFormat
              properties:
                bucket_count -1
                columns key,value
                columns.types int:string
#### A masked pattern was here ####
                name default.filter_join_breaktask
                partition_columns ds
                serialization.ddl struct filter_join_breaktask { i32 key, string value}
                serialization.format 1
                serialization.lib org.apache.hadoop.hive.serde2.lazy.LazySimpleSerDe
#### A masked pattern was here ####
              serde: org.apache.hadoop.hive.serde2.lazy.LazySimpleSerDe
              name: default.filter_join_breaktask
            name: default.filter_join_breaktask
      Truncated Path -> Alias:
        /filter_join_breaktask/ds=2008-04-08 [f]
      Alias -> Map Operator Tree:
        m 
          TableScan
            alias: m
            Statistics:
                numRows: 2 dataSize: 236 basicStatsState: COMPLETE colStatsState: NONE
            GatherStats: false
            Filter Operator
              isSamplingPred: false
              predicate:
                  expr: ((key is not null and value is not null) and (value <> ''))
                  type: boolean
              Statistics:
                  numRows: 1 dataSize: 118 basicStatsState: COMPLETE colStatsState: NONE
              Reduce Output Operator
                key expressions:
                      expr: key
                      type: int
                sort order: +
                Map-reduce partition columns:
                      expr: key
                      type: int
                Statistics:
                    numRows: 1 dataSize: 118 basicStatsState: COMPLETE colStatsState: NONE
                tag: 1
                value expressions:
                      expr: value
                      type: string
      Path -> Alias:
#### A masked pattern was here ####
      Path -> Partition:
#### A masked pattern was here ####
          Partition
            input format: org.apache.hadoop.mapred.TextInputFormat
            output format: org.apache.hadoop.hive.ql.io.HiveIgnoreKeyTextOutputFormat
            partition values:
              ds 2008-04-08
            properties:
              COLUMN_STATS_ACCURATE true
              bucket_count -1
              columns key,value
              columns.types int:string
#### A masked pattern was here ####
              name default.filter_join_breaktask
              numFiles 1
              numRows 0
              partition_columns ds
              rawDataSize 0
              serialization.ddl struct filter_join_breaktask { i32 key, string value}
              serialization.format 1
              serialization.lib org.apache.hadoop.hive.serde2.lazy.LazySimpleSerDe
              totalSize 236
#### A masked pattern was here ####
            serde: org.apache.hadoop.hive.serde2.lazy.LazySimpleSerDe
          
              input format: org.apache.hadoop.mapred.TextInputFormat
              output format: org.apache.hadoop.hive.ql.io.HiveIgnoreKeyTextOutputFormat
              properties:
                bucket_count -1
                columns key,value
                columns.types int:string
#### A masked pattern was here ####
                name default.filter_join_breaktask
                partition_columns ds
                serialization.ddl struct filter_join_breaktask { i32 key, string value}
                serialization.format 1
                serialization.lib org.apache.hadoop.hive.serde2.lazy.LazySimpleSerDe
#### A masked pattern was here ####
              serde: org.apache.hadoop.hive.serde2.lazy.LazySimpleSerDe
              name: default.filter_join_breaktask
            name: default.filter_join_breaktask
      Truncated Path -> Alias:
        /filter_join_breaktask/ds=2008-04-08 [m]
      Needs Tagging: true
      Reduce Operator Tree:
        Join Operator
          condition map:
               Inner Join 0 to 1
          condition expressions:
            0 {VALUE._col0}
            1 {VALUE._col1}
          handleSkewJoin: false
          outputColumnNames: _col0, _col6
          Statistics:
              numRows: 33 dataSize: 132 basicStatsState: COMPLETE colStatsState: NONE
          Reduce Output Operator
            key expressions:
                  expr: _col6
                  type: string
            sort order: +
            Map-reduce partition columns:
                  expr: _col6
                  type: string
            Statistics:
                numRows: 33 dataSize: 132 basicStatsState: COMPLETE colStatsState: NONE
            tag: 0
            value expressions:
                  expr: _col0
                  type: int
      Alias -> Map Operator Tree:
        g 
          TableScan
            alias: g
            Statistics:
                numRows: 2 dataSize: 236 basicStatsState: COMPLETE colStatsState: NONE
            GatherStats: false
            Filter Operator
              isSamplingPred: false
              predicate:
                  expr: (value <> '')
                  type: boolean
              Statistics:
                  numRows: 2 dataSize: 236 basicStatsState: COMPLETE colStatsState: NONE
              Reduce Output Operator
                key expressions:
                      expr: value
                      type: string
                sort order: +
                Map-reduce partition columns:
                      expr: value
                      type: string
                Statistics:
                    numRows: 2 dataSize: 236 basicStatsState: COMPLETE colStatsState: NONE
                tag: 1
                value expressions:
                      expr: value
                      type: string
      Path -> Alias:
#### A masked pattern was here ####
      Path -> Partition:
#### A masked pattern was here ####
          Partition
            input format: org.apache.hadoop.mapred.TextInputFormat
            output format: org.apache.hadoop.hive.ql.io.HiveIgnoreKeyTextOutputFormat
            partition values:
              ds 2008-04-08
            properties:
              COLUMN_STATS_ACCURATE true
              bucket_count -1
              columns key,value
              columns.types int:string
#### A masked pattern was here ####
              name default.filter_join_breaktask
              numFiles 1
              numRows 0
              partition_columns ds
              rawDataSize 0
              serialization.ddl struct filter_join_breaktask { i32 key, string value}
              serialization.format 1
              serialization.lib org.apache.hadoop.hive.serde2.lazy.LazySimpleSerDe
              totalSize 236
#### A masked pattern was here ####
            serde: org.apache.hadoop.hive.serde2.lazy.LazySimpleSerDe
          
              input format: org.apache.hadoop.mapred.TextInputFormat
              output format: org.apache.hadoop.hive.ql.io.HiveIgnoreKeyTextOutputFormat
              properties:
                bucket_count -1
                columns key,value
                columns.types int:string
#### A masked pattern was here ####
                name default.filter_join_breaktask
                partition_columns ds
                serialization.ddl struct filter_join_breaktask { i32 key, string value}
                serialization.format 1
                serialization.lib org.apache.hadoop.hive.serde2.lazy.LazySimpleSerDe
#### A masked pattern was here ####
              serde: org.apache.hadoop.hive.serde2.lazy.LazySimpleSerDe
              name: default.filter_join_breaktask
            name: default.filter_join_breaktask
      Truncated Path -> Alias:
        /filter_join_breaktask/ds=2008-04-08 [g]
      Needs Tagging: true
      Reduce Operator Tree:
        Join Operator
          condition map:
               Inner Join 0 to 1
          condition expressions:
            0 {VALUE._col0}
            1 {VALUE._col1}
          handleSkewJoin: false
          outputColumnNames: _col0, _col11
          Statistics:
              numRows: 36 dataSize: 145 basicStatsState: COMPLETE colStatsState: NONE
          Select Operator
            expressions:
                  expr: _col0
                  type: int
                  expr: _col11
                  type: string
            outputColumnNames: _col0, _col1
            Statistics:
                numRows: 36 dataSize: 145 basicStatsState: COMPLETE colStatsState: NONE
            File Output Operator
              compressed: false
              GlobalTableId: 0
#### A masked pattern was here ####
              NumFilesPerFileSink: 1
              Statistics:
                  numRows: 36 dataSize: 145 basicStatsState: COMPLETE colStatsState: NONE
#### A masked pattern was here ####
              table:
                  input format: org.apache.hadoop.mapred.TextInputFormat
                  output format: org.apache.hadoop.hive.ql.io.HiveIgnoreKeyTextOutputFormat
                  properties:
                    columns _col0,_col1
                    columns.types int:string
                    escape.delim \
                    hive.serialization.extend.nesting.levels true
                    serialization.format 1
                    serialization.lib org.apache.hadoop.hive.serde2.lazy.LazySimpleSerDe
                  serde: org.apache.hadoop.hive.serde2.lazy.LazySimpleSerDe
              TotalFiles: 1
              GatherStats: false
              MultiFileSpray: false

  Stage: Stage-0
    Fetch Operator
      limit: -1

PREHOOK: query: SELECT f.key, g.value 
FROM filter_join_breaktask f JOIN filter_join_breaktask m ON( f.key = m.key AND f.ds='2008-04-08' AND m.ds='2008-04-08' AND f.key is not null) 
JOIN filter_join_breaktask g ON(g.value = m.value AND g.ds='2008-04-08' AND m.ds='2008-04-08' AND m.value is not null AND m.value !='')
PREHOOK: type: QUERY
PREHOOK: Input: default@filter_join_breaktask
PREHOOK: Input: default@filter_join_breaktask@ds=2008-04-08
#### A masked pattern was here ####
POSTHOOK: query: SELECT f.key, g.value 
FROM filter_join_breaktask f JOIN filter_join_breaktask m ON( f.key = m.key AND f.ds='2008-04-08' AND m.ds='2008-04-08' AND f.key is not null) 
JOIN filter_join_breaktask g ON(g.value = m.value AND g.ds='2008-04-08' AND m.ds='2008-04-08' AND m.value is not null AND m.value !='')
POSTHOOK: type: QUERY
POSTHOOK: Input: default@filter_join_breaktask
POSTHOOK: Input: default@filter_join_breaktask@ds=2008-04-08
#### A masked pattern was here ####
POSTHOOK: Lineage: filter_join_breaktask PARTITION(ds=2008-04-08).key EXPRESSION [(src1)src1.FieldSchema(name:key, type:string, comment:default), ]
POSTHOOK: Lineage: filter_join_breaktask PARTITION(ds=2008-04-08).value SIMPLE [(src1)src1.FieldSchema(name:value, type:string, comment:default), ]
146	val_146
150	val_150
213	val_213
238	val_238
255	val_255
273	val_273
278	val_278
311	val_311
401	val_401
406	val_406
66	val_66
98	val_98
