Warning: Shuffle Join JOIN[4][tables = [src, srcpart]] in Stage 'Stage-1:MAPRED' is a cross product
PREHOOK: query: explain authorization select * from src join srcpart
PREHOOK: type: QUERY
POSTHOOK: query: explain authorization select * from src join srcpart
POSTHOOK: type: QUERY
INPUTS: 
  default@srcpart
  default@srcpart@ds=2008-04-08/hr=11
  default@srcpart@ds=2008-04-08/hr=12
  default@srcpart@ds=2008-04-09/hr=11
  default@srcpart@ds=2008-04-09/hr=12
  default@src
OUTPUTS: 
#### A masked pattern was here ####
CURRENT_USER: 
  hive_test_user
OPERATION: 
  QUERY
AUTHORIZATION_FAILURES: 
  No privilege 'Select' found for inputs { database:default, table:srcpart, columnName:key}
  No privilege 'Select' found for inputs { database:default, table:src, columnName:key}
Warning: Shuffle Join JOIN[4][tables = [src, srcpart]] in Stage 'Stage-1:MAPRED' is a cross product
PREHOOK: query: explain formatted authorization select * from src join srcpart
PREHOOK: type: QUERY
POSTHOOK: query: explain formatted authorization select * from src join srcpart
POSTHOOK: type: QUERY
#### A masked pattern was here ####
PREHOOK: query: explain authorization use default
PREHOOK: type: SWITCHDATABASE
POSTHOOK: query: explain authorization use default
POSTHOOK: type: SWITCHDATABASE
INPUTS: 
OUTPUTS: 
CURRENT_USER: 
  hive_test_user
OPERATION: 
  SWITCHDATABASE
PREHOOK: query: explain formatted authorization use default
PREHOOK: type: SWITCHDATABASE
POSTHOOK: query: explain formatted authorization use default
POSTHOOK: type: SWITCHDATABASE
{"OUTPUTS":[],"INPUTS":[],"OPERATION":"SWITCHDATABASE","CURRENT_USER":"hive_test_user"}
