PREHOOK: query: -- SORT_BEFORE_DIFF

create table dummy (key string, value string)
PREHOOK: type: CREATETABLE
POSTHOOK: query: -- SORT_BEFORE_DIFF

create table dummy (key string, value string)
POSTHOOK: type: CREATETABLE
POSTHOOK: Output: default@dummy
PREHOOK: query: grant select on database default to user hive_test_user
PREHOOK: type: GRANT_PRIVILEGE
POSTHOOK: query: grant select on database default to user hive_test_user
POSTHOOK: type: GRANT_PRIVILEGE
PREHOOK: query: grant select on table dummy to user hive_test_user
PREHOOK: type: GRANT_PRIVILEGE
PREHOOK: Output: default@dummy
POSTHOOK: query: grant select on table dummy to user hive_test_user
POSTHOOK: type: GRANT_PRIVILEGE
POSTHOOK: Output: default@dummy
PREHOOK: query: grant select (key, value) on table dummy to user hive_test_user
PREHOOK: type: GRANT_PRIVILEGE
PREHOOK: Output: default@dummy
POSTHOOK: query: grant select (key, value) on table dummy to user hive_test_user
POSTHOOK: type: GRANT_PRIVILEGE
POSTHOOK: Output: default@dummy
PREHOOK: query: show grant user hive_test_user on database default
PREHOOK: type: SHOW_GRANT
POSTHOOK: query: show grant user hive_test_user on database default
POSTHOOK: type: SHOW_GRANT
database	default
principalName	hive_test_user
principalType	USER
privilege	Select
#### A masked pattern was here ####
grantor	hive_test_user
PREHOOK: query: show grant user hive_test_user on table dummy
PREHOOK: type: SHOW_GRANT
POSTHOOK: query: show grant user hive_test_user on table dummy
POSTHOOK: type: SHOW_GRANT
database	default
table	dummy
principalName	hive_test_user
principalType	USER
privilege	Select
#### A masked pattern was here ####
grantor	hive_test_user
PREHOOK: query: show grant user hive_test_user on all
PREHOOK: type: SHOW_GRANT
POSTHOOK: query: show grant user hive_test_user on all
POSTHOOK: type: SHOW_GRANT
database	default
principalName	hive_test_user
principalType	USER
privilege	Select
#### A masked pattern was here ####
grantor	hive_test_user
database	default
table	dummy
principalName	hive_test_user
principalType	USER
privilege	Select
#### A masked pattern was here ####
grantor	hive_test_user
database	default
table	dummy
columnName	key
principalName	hive_test_user
principalType	USER
privilege	Select
#### A masked pattern was here ####
grantor	hive_test_user
database	default
table	dummy
columnName	value
principalName	hive_test_user
principalType	USER
privilege	Select
#### A masked pattern was here ####
grantor	hive_test_user
