PREHOOK: query: create table src_autho_test (key STRING, value STRING)
PREHOOK: type: CREATETABLE
POSTHOOK: query: create table src_autho_test (key STRING, value STRING)
POSTHOOK: type: CREATETABLE
POSTHOOK: Output: default@src_autho_test
PREHOOK: query: --table grant to user

grant select on table src_autho_test to user hive_test_user
PREHOOK: type: GRANT_PRIVILEGE
PREHOOK: Output: default@src_autho_test
POSTHOOK: query: --table grant to user

grant select on table src_autho_test to user hive_test_user
POSTHOOK: type: GRANT_PRIVILEGE
POSTHOOK: Output: default@src_autho_test
PREHOOK: query: show grant user hive_test_user on table src_autho_test
PREHOOK: type: SHOW_GRANT
POSTHOOK: query: show grant user hive_test_user on table src_autho_test
POSTHOOK: type: SHOW_GRANT
database	default
table	src_autho_test
principalName	hive_test_user
principalType	USER
privilege	Select
#### A masked pattern was here ####
grantor	hive_test_user
PREHOOK: query: revoke select on table src_autho_test from user hive_test_user
PREHOOK: type: REVOKE_PRIVILEGE
PREHOOK: Output: default@src_autho_test
POSTHOOK: query: revoke select on table src_autho_test from user hive_test_user
POSTHOOK: type: REVOKE_PRIVILEGE
POSTHOOK: Output: default@src_autho_test
PREHOOK: query: show grant user hive_test_user on table src_autho_test
PREHOOK: type: SHOW_GRANT
POSTHOOK: query: show grant user hive_test_user on table src_autho_test
POSTHOOK: type: SHOW_GRANT
PREHOOK: query: --role
create role src_role
PREHOOK: type: CREATEROLE
POSTHOOK: query: --role
create role src_role
POSTHOOK: type: CREATEROLE
PREHOOK: query: grant role src_role to user hive_test_user
PREHOOK: type: GRANT_ROLE
POSTHOOK: query: grant role src_role to user hive_test_user
POSTHOOK: type: GRANT_ROLE
PREHOOK: query: show role grant user hive_test_user
PREHOOK: type: SHOW_ROLE_GRANT
POSTHOOK: query: show role grant user hive_test_user
POSTHOOK: type: SHOW_ROLE_GRANT
src_role

PREHOOK: query: --table grant to role

grant select on table src_autho_test to role src_role
PREHOOK: type: GRANT_PRIVILEGE
PREHOOK: Output: default@src_autho_test
POSTHOOK: query: --table grant to role

grant select on table src_autho_test to role src_role
POSTHOOK: type: GRANT_PRIVILEGE
POSTHOOK: Output: default@src_autho_test
PREHOOK: query: show grant role src_role on table src_autho_test
PREHOOK: type: SHOW_GRANT
POSTHOOK: query: show grant role src_role on table src_autho_test
POSTHOOK: type: SHOW_GRANT
database	default
table	src_autho_test
principalName	src_role
principalType	ROLE
privilege	Select
#### A masked pattern was here ####
grantor	hive_test_user
PREHOOK: query: revoke select on table src_autho_test from role src_role
PREHOOK: type: REVOKE_PRIVILEGE
PREHOOK: Output: default@src_autho_test
POSTHOOK: query: revoke select on table src_autho_test from role src_role
POSTHOOK: type: REVOKE_PRIVILEGE
POSTHOOK: Output: default@src_autho_test
PREHOOK: query: -- drop role
drop role src_role
PREHOOK: type: DROPROLE
POSTHOOK: query: -- drop role
drop role src_role
POSTHOOK: type: DROPROLE
PREHOOK: query: drop table src_autho_test
PREHOOK: type: DROPTABLE
PREHOOK: Input: default@src_autho_test
PREHOOK: Output: default@src_autho_test
POSTHOOK: query: drop table src_autho_test
POSTHOOK: type: DROPTABLE
POSTHOOK: Input: default@src_autho_test
POSTHOOK: Output: default@src_autho_test
