PREHOOK: query: drop table if exists t1
PREHOOK: type: DROPTABLE
POSTHOOK: query: drop table if exists t1
POSTHOOK: type: DROPTABLE
PREHOOK: query: drop table if exists t2
PREHOOK: type: DROPTABLE
POSTHOOK: query: drop table if exists t2
POSTHOOK: type: DROPTABLE
PREHOOK: query: drop table if exists t3
PREHOOK: type: DROPTABLE
POSTHOOK: query: drop table if exists t3
POSTHOOK: type: DROPTABLE
PREHOOK: query: drop table if exists t4
PREHOOK: type: DROPTABLE
POSTHOOK: query: drop table if exists t4
POSTHOOK: type: DROPTABLE
PREHOOK: query: create table t1(key string, value string, c_int int, c_float float, c_boolean boolean)  row format delimited fields terminated by ',' STORED AS TEXTFILE
PREHOOK: type: CREATETABLE
PREHOOK: Output: database:default
POSTHOOK: query: create table t1(key string, value string, c_int int, c_float float, c_boolean boolean)  row format delimited fields terminated by ',' STORED AS TEXTFILE
POSTHOOK: type: CREATETABLE
POSTHOOK: Output: database:default
POSTHOOK: Output: default@t1
PREHOOK: query: create table t2(key string, value string, c_int int, c_float float, c_boolean boolean)  row format delimited fields terminated by ',' STORED AS TEXTFILE
PREHOOK: type: CREATETABLE
PREHOOK: Output: database:default
POSTHOOK: query: create table t2(key string, value string, c_int int, c_float float, c_boolean boolean)  row format delimited fields terminated by ',' STORED AS TEXTFILE
POSTHOOK: type: CREATETABLE
POSTHOOK: Output: database:default
POSTHOOK: Output: default@t2
PREHOOK: query: create table t3(key string, value string, c_int int, c_float float, c_boolean boolean)  row format delimited fields terminated by ',' STORED AS TEXTFILE
PREHOOK: type: CREATETABLE
PREHOOK: Output: database:default
POSTHOOK: query: create table t3(key string, value string, c_int int, c_float float, c_boolean boolean)  row format delimited fields terminated by ',' STORED AS TEXTFILE
POSTHOOK: type: CREATETABLE
POSTHOOK: Output: database:default
POSTHOOK: Output: default@t3
PREHOOK: query: create table t4(key string, value string, c_int int, c_float float, c_boolean boolean)  row format delimited fields terminated by ',' STORED AS TEXTFILE
PREHOOK: type: CREATETABLE
PREHOOK: Output: database:default
POSTHOOK: query: create table t4(key string, value string, c_int int, c_float float, c_boolean boolean)  row format delimited fields terminated by ',' STORED AS TEXTFILE
POSTHOOK: type: CREATETABLE
POSTHOOK: Output: database:default
POSTHOOK: Output: default@t4
PREHOOK: query: load data local inpath '../../data/files/cbo_t1.txt' into table t1
PREHOOK: type: LOAD
#### A masked pattern was here ####
PREHOOK: Output: default@t1
POSTHOOK: query: load data local inpath '../../data/files/cbo_t1.txt' into table t1
POSTHOOK: type: LOAD
#### A masked pattern was here ####
POSTHOOK: Output: default@t1
PREHOOK: query: load data local inpath '../../data/files/cbo_t2.txt' into table t2
PREHOOK: type: LOAD
#### A masked pattern was here ####
PREHOOK: Output: default@t2
POSTHOOK: query: load data local inpath '../../data/files/cbo_t2.txt' into table t2
POSTHOOK: type: LOAD
#### A masked pattern was here ####
POSTHOOK: Output: default@t2
PREHOOK: query: load data local inpath '../../data/files/cbo_t3.txt' into table t3
PREHOOK: type: LOAD
#### A masked pattern was here ####
PREHOOK: Output: default@t3
POSTHOOK: query: load data local inpath '../../data/files/cbo_t3.txt' into table t3
POSTHOOK: type: LOAD
#### A masked pattern was here ####
POSTHOOK: Output: default@t3
PREHOOK: query: load data local inpath '../../data/files/cbo_t4.txt' into table t4
PREHOOK: type: LOAD
#### A masked pattern was here ####
PREHOOK: Output: default@t4
POSTHOOK: query: load data local inpath '../../data/files/cbo_t4.txt' into table t4
POSTHOOK: type: LOAD
#### A masked pattern was here ####
POSTHOOK: Output: default@t4
PREHOOK: query: analyze table t1 compute statistics
PREHOOK: type: QUERY
PREHOOK: Input: default@t1
PREHOOK: Output: default@t1
POSTHOOK: query: analyze table t1 compute statistics
POSTHOOK: type: QUERY
POSTHOOK: Input: default@t1
POSTHOOK: Output: default@t1
PREHOOK: query: analyze table t1 compute statistics for columns key, value, c_int, c_float, c_boolean
PREHOOK: type: QUERY
PREHOOK: Input: default@t1
#### A masked pattern was here ####
POSTHOOK: query: analyze table t1 compute statistics for columns key, value, c_int, c_float, c_boolean
POSTHOOK: type: QUERY
POSTHOOK: Input: default@t1
#### A masked pattern was here ####
PREHOOK: query: analyze table t2 compute statistics
PREHOOK: type: QUERY
PREHOOK: Input: default@t2
PREHOOK: Output: default@t2
POSTHOOK: query: analyze table t2 compute statistics
POSTHOOK: type: QUERY
POSTHOOK: Input: default@t2
POSTHOOK: Output: default@t2
PREHOOK: query: analyze table t2 compute statistics for columns key, value, c_int, c_float, c_boolean
PREHOOK: type: QUERY
PREHOOK: Input: default@t2
#### A masked pattern was here ####
POSTHOOK: query: analyze table t2 compute statistics for columns key, value, c_int, c_float, c_boolean
POSTHOOK: type: QUERY
POSTHOOK: Input: default@t2
#### A masked pattern was here ####
PREHOOK: query: analyze table t3 compute statistics
PREHOOK: type: QUERY
PREHOOK: Input: default@t3
PREHOOK: Output: default@t3
POSTHOOK: query: analyze table t3 compute statistics
POSTHOOK: type: QUERY
POSTHOOK: Input: default@t3
POSTHOOK: Output: default@t3
PREHOOK: query: analyze table t3 compute statistics for columns key, value, c_int, c_float, c_boolean
PREHOOK: type: QUERY
PREHOOK: Input: default@t3
#### A masked pattern was here ####
POSTHOOK: query: analyze table t3 compute statistics for columns key, value, c_int, c_float, c_boolean
POSTHOOK: type: QUERY
POSTHOOK: Input: default@t3
#### A masked pattern was here ####
PREHOOK: query: analyze table t4 compute statistics
PREHOOK: type: QUERY
PREHOOK: Input: default@t4
PREHOOK: Output: default@t4
POSTHOOK: query: analyze table t4 compute statistics
POSTHOOK: type: QUERY
POSTHOOK: Input: default@t4
POSTHOOK: Output: default@t4
PREHOOK: query: analyze table t4 compute statistics for columns key, value, c_int, c_float, c_boolean
PREHOOK: type: QUERY
PREHOOK: Input: default@t4
#### A masked pattern was here ####
POSTHOOK: query: analyze table t4 compute statistics for columns key, value, c_int, c_float, c_boolean
POSTHOOK: type: QUERY
POSTHOOK: Input: default@t4
#### A masked pattern was here ####
PREHOOK: query: select c, b, a from (select key as a, c_int as b, t1.c_float as c from t1) t1 left semi join (select t2.key as p, t2.c_int as q, c_float as r from t2) t2 on t1.a=p left semi join t3 on t1.a=t3.key
PREHOOK: type: QUERY
PREHOOK: Input: default@t1
PREHOOK: Input: default@t2
PREHOOK: Input: default@t3
#### A masked pattern was here ####
POSTHOOK: query: select c, b, a from (select key as a, c_int as b, t1.c_float as c from t1) t1 left semi join (select t2.key as p, t2.c_int as q, c_float as r from t2) t2 on t1.a=p left semi join t3 on t1.a=t3.key
POSTHOOK: type: QUERY
POSTHOOK: Input: default@t1
POSTHOOK: Input: default@t2
POSTHOOK: Input: default@t3
#### A masked pattern was here ####
1.0	1	 1
1.0	1	 1
1.0	1	 1 
1.0	1	 1 
1.0	1	1
1.0	1	1
1.0	1	1
1.0	1	1
1.0	1	1
1.0	1	1
1.0	1	1
1.0	1	1
1.0	1	1
1.0	1	1
1.0	1	1
1.0	1	1
1.0	1	1 
1.0	1	1 
NULL	NULL	null
NULL	NULL	null
