PREHOOK: query: explain
create table noskew as select a.* from src a join src b on a.key=b.key order by a.key limit 30
PREHOOK: type: CREATETABLE_AS_SELECT
POSTHOOK: query: explain
create table noskew as select a.* from src a join src b on a.key=b.key order by a.key limit 30
POSTHOOK: type: CREATETABLE_AS_SELECT
ABSTRACT SYNTAX TREE:
  (TOK_CREATETABLE (TOK_TABNAME noskew) TOK_LIKETABLE (TOK_QUERY (TOK_FROM (TOK_JOIN (TOK_TABREF (TOK_TABNAME src) a) (TOK_TABREF (TOK_TABNAME src) b) (= (. (TOK_TABLE_OR_COL a) key) (. (TOK_TABLE_OR_COL b) key)))) (TOK_INSERT (TOK_DESTINATION (TOK_DIR TOK_TMP_FILE)) (TOK_SELECT (TOK_SELEXPR (TOK_ALLCOLREF (TOK_TABNAME a)))) (TOK_ORDERBY (TOK_TABSORTCOLNAMEASC (. (TOK_TABLE_OR_COL a) key))) (TOK_LIMIT 30))))

STAGE DEPENDENCIES:
  Stage-1 is a root stage
  Stage-6 depends on stages: Stage-1 , consists of Stage-5, Stage-2
  Stage-5
  Stage-2 depends on stages: Stage-1, Stage-5
  Stage-0 depends on stages: Stage-2
  Stage-8 depends on stages: Stage-0
  Stage-3 depends on stages: Stage-8

STAGE PLANS:
  Stage: Stage-1
    Map Reduce
      Alias -> Map Operator Tree:
        a 
          TableScan
            alias: a
            Reduce Output Operator
              key expressions:
                    expr: key
                    type: string
              sort order: +
              Map-reduce partition columns:
                    expr: key
                    type: string
              tag: 0
              value expressions:
                    expr: key
                    type: string
                    expr: value
                    type: string
        b 
          TableScan
            alias: b
            Reduce Output Operator
              key expressions:
                    expr: key
                    type: string
              sort order: +
              Map-reduce partition columns:
                    expr: key
                    type: string
              tag: 1
      Reduce Operator Tree:
        Join Operator
          condition map:
               Inner Join 0 to 1
          condition expressions:
            0 {VALUE._col0} {VALUE._col1}
            1 
          handleSkewJoin: true
          outputColumnNames: _col0, _col1
          Select Operator
            expressions:
                  expr: _col0
                  type: string
                  expr: _col1
                  type: string
            outputColumnNames: _col0, _col1
            File Output Operator
              compressed: false
              GlobalTableId: 0
              table:
                  input format: org.apache.hadoop.mapred.SequenceFileInputFormat
                  output format: org.apache.hadoop.hive.ql.io.HiveSequenceFileOutputFormat
                  serde: org.apache.hadoop.hive.serde2.lazybinary.LazyBinarySerDe

  Stage: Stage-6
    Conditional Operator

  Stage: Stage-5
    Map Reduce
      Alias -> Map Operator Tree:
        0 
          TableScan
            Map Join Operator
              condition map:
                   Inner Join 0 to 1
              condition expressions:
                0 {0_VALUE_0} {0_VALUE_1}
                1 
              handleSkewJoin: false
              keys:
                0 [Column[joinkey0]]
                1 [Column[joinkey0]]
              outputColumnNames: _col0, _col1
              Position of Big Table: 0
              Select Operator
                expressions:
                      expr: _col0
                      type: string
                      expr: _col1
                      type: string
                outputColumnNames: _col0, _col1
                File Output Operator
                  compressed: false
                  GlobalTableId: 0
                  table:
                      input format: org.apache.hadoop.mapred.SequenceFileInputFormat
                      output format: org.apache.hadoop.hive.ql.io.HiveSequenceFileOutputFormat
                      serde: org.apache.hadoop.hive.serde2.lazybinary.LazyBinarySerDe
      Local Work:
        Map Reduce Local Work
          Alias -> Map Local Tables:
            1 
              Fetch Operator
                limit: -1
          Alias -> Map Local Operator Tree:
            1 
              TableScan

  Stage: Stage-2
    Map Reduce
      Alias -> Map Operator Tree:
#### A masked pattern was here ####
          TableScan
            Reduce Output Operator
              key expressions:
                    expr: _col0
                    type: string
              sort order: +
              tag: -1
              value expressions:
                    expr: _col0
                    type: string
                    expr: _col1
                    type: string
      Reduce Operator Tree:
        Extract
          Limit
            File Output Operator
              compressed: false
              GlobalTableId: 1
              table:
                  input format: org.apache.hadoop.mapred.TextInputFormat
                  output format: org.apache.hadoop.hive.ql.io.HiveIgnoreKeyTextOutputFormat
                  serde: org.apache.hadoop.hive.serde2.lazy.LazySimpleSerDe
                  name: default.noskew

  Stage: Stage-0
    Move Operator
      files:
          hdfs directory: true
#### A masked pattern was here ####

  Stage: Stage-8
      Create Table Operator:
        Create Table
          columns: key string, value string
          if not exists: false
          input format: org.apache.hadoop.mapred.TextInputFormat
          # buckets: -1
          output format: org.apache.hadoop.hive.ql.io.IgnoreKeyTextOutputFormat
          name: noskew
          isExternal: false

  Stage: Stage-3
    Stats-Aggr Operator

PREHOOK: query: create table noskew as select a.* from src a join src b on a.key=b.key order by a.key limit 30
PREHOOK: type: CREATETABLE_AS_SELECT
PREHOOK: Input: default@src
POSTHOOK: query: create table noskew as select a.* from src a join src b on a.key=b.key order by a.key limit 30
POSTHOOK: type: CREATETABLE_AS_SELECT
POSTHOOK: Input: default@src
POSTHOOK: Output: default@noskew
PREHOOK: query: select * from noskew
PREHOOK: type: QUERY
PREHOOK: Input: default@noskew
#### A masked pattern was here ####
POSTHOOK: query: select * from noskew
POSTHOOK: type: QUERY
POSTHOOK: Input: default@noskew
#### A masked pattern was here ####
0	val_0
0	val_0
0	val_0
0	val_0
0	val_0
0	val_0
0	val_0
0	val_0
0	val_0
10	val_10
100	val_100
100	val_100
100	val_100
100	val_100
103	val_103
103	val_103
103	val_103
103	val_103
104	val_104
104	val_104
104	val_104
104	val_104
105	val_105
11	val_11
111	val_111
113	val_113
113	val_113
113	val_113
113	val_113
114	val_114
