PREHOOK: query: explain
select 
  csmallint,
  case 
    when csmallint = 418 then "a"
    when csmallint = 12205 then "b"
    else "c"
  end,
  case csmallint
    when 418 then "a"
    when 12205 then "b"
    else "c"
  end
from alltypesorc
where csmallint = 418
or csmallint = 12205
or csmallint = 10583
PREHOOK: type: QUERY
POSTHOOK: query: explain
select 
  csmallint,
  case 
    when csmallint = 418 then "a"
    when csmallint = 12205 then "b"
    else "c"
  end,
  case csmallint
    when 418 then "a"
    when 12205 then "b"
    else "c"
  end
from alltypesorc
where csmallint = 418
or csmallint = 12205
or csmallint = 10583
POSTHOOK: type: QUERY
ABSTRACT SYNTAX TREE:
  (TOK_QUERY (TOK_FROM (TOK_TABREF (TOK_TABNAME alltypesorc))) (TOK_INSERT (TOK_DESTINATION (TOK_DIR TOK_TMP_FILE)) (TOK_SELECT (TOK_SELEXPR (TOK_TABLE_OR_COL csmallint)) (TOK_SELEXPR (TOK_FUNCTION when (= (TOK_TABLE_OR_COL csmallint) 418) "a" (= (TOK_TABLE_OR_COL csmallint) 12205) "b" "c")) (TOK_SELEXPR (TOK_FUNCTION case (TOK_TABLE_OR_COL csmallint) 418 "a" 12205 "b" "c"))) (TOK_WHERE (or (or (= (TOK_TABLE_OR_COL csmallint) 418) (= (TOK_TABLE_OR_COL csmallint) 12205)) (= (TOK_TABLE_OR_COL csmallint) 10583)))))

STAGE DEPENDENCIES:
  Stage-1 is a root stage
  Stage-0 is a root stage

STAGE PLANS:
  Stage: Stage-1
    Map Reduce
      Alias -> Map Operator Tree:
        alltypesorc 
          TableScan
            alias: alltypesorc
            Filter Operator
              predicate:
                  expr: (((csmallint = 418) or (csmallint = 12205)) or (csmallint = 10583))
                  type: boolean
              Vectorized execution: true
              Select Operator
                expressions:
                      expr: csmallint
                      type: smallint
                      expr: CASE WHEN ((csmallint = 418)) THEN ('a') WHEN ((csmallint = 12205)) THEN ('b') ELSE ('c') END
                      type: string
                      expr: CASE (csmallint) WHEN (418) THEN ('a') WHEN (12205) THEN ('b') ELSE ('c') END
                      type: string
                outputColumnNames: _col0, _col1, _col2
                Vectorized execution: true
                File Output Operator
                  compressed: false
                  GlobalTableId: 0
                  table:
                      input format: org.apache.hadoop.mapred.TextInputFormat
                      output format: org.apache.hadoop.hive.ql.io.HiveIgnoreKeyTextOutputFormat
                      serde: org.apache.hadoop.hive.serde2.lazy.LazySimpleSerDe
                  Vectorized execution: true

  Stage: Stage-0
    Fetch Operator
      limit: -1

PREHOOK: query: select 
  csmallint,
  case 
    when csmallint = 418 then "a"
    when csmallint = 12205 then "b"
    else "c"
  end,
  case csmallint
    when 418 then "a"
    when 12205 then "b"
    else "c"
  end
from alltypesorc
where csmallint = 418
or csmallint = 12205
or csmallint = 10583
PREHOOK: type: QUERY
PREHOOK: Input: default@alltypesorc
#### A masked pattern was here ####
POSTHOOK: query: select 
  csmallint,
  case 
    when csmallint = 418 then "a"
    when csmallint = 12205 then "b"
    else "c"
  end,
  case csmallint
    when 418 then "a"
    when 12205 then "b"
    else "c"
  end
from alltypesorc
where csmallint = 418
or csmallint = 12205
or csmallint = 10583
POSTHOOK: type: QUERY
POSTHOOK: Input: default@alltypesorc
#### A masked pattern was here ####
12205	b	b
10583	c	c
418	a	a
12205	b	b
