PREHOOK: query: create table vsmb_bucket_1(key int, value string) 
  CLUSTERED BY (key) 
  SORTED BY (key) INTO 1 BUCKETS 
  STORED AS ORC
PREHOOK: type: CREATETABLE
POSTHOOK: query: create table vsmb_bucket_1(key int, value string) 
  CLUSTERED BY (key) 
  SORTED BY (key) INTO 1 BUCKETS 
  STORED AS ORC
POSTHOOK: type: CREATETABLE
POSTHOOK: Output: default@vsmb_bucket_1
PREHOOK: query: create table vsmb_bucket_2(key int, value string) 
  CLUSTERED BY (key) 
  SORTED BY (key) INTO 1 BUCKETS 
  STORED AS ORC
PREHOOK: type: CREATETABLE
POSTHOOK: query: create table vsmb_bucket_2(key int, value string) 
  CLUSTERED BY (key) 
  SORTED BY (key) INTO 1 BUCKETS 
  STORED AS ORC
POSTHOOK: type: CREATETABLE
POSTHOOK: Output: default@vsmb_bucket_2
PREHOOK: query: create table vsmb_bucket_RC(key int, value string) 
  CLUSTERED BY (key) 
  SORTED BY (key) INTO 1 BUCKETS 
  STORED AS RCFILE
PREHOOK: type: CREATETABLE
POSTHOOK: query: create table vsmb_bucket_RC(key int, value string) 
  CLUSTERED BY (key) 
  SORTED BY (key) INTO 1 BUCKETS 
  STORED AS RCFILE
POSTHOOK: type: CREATETABLE
POSTHOOK: Output: default@vsmb_bucket_RC
PREHOOK: query: create table vsmb_bucket_TXT(key int, value string) 
  CLUSTERED BY (key) 
  SORTED BY (key) INTO 1 BUCKETS 
  STORED AS TEXTFILE
PREHOOK: type: CREATETABLE
POSTHOOK: query: create table vsmb_bucket_TXT(key int, value string) 
  CLUSTERED BY (key) 
  SORTED BY (key) INTO 1 BUCKETS 
  STORED AS TEXTFILE
POSTHOOK: type: CREATETABLE
POSTHOOK: Output: default@vsmb_bucket_TXT
PREHOOK: query: insert into table vsmb_bucket_1 select cint, cstring1 from alltypesorc limit 2
PREHOOK: type: QUERY
PREHOOK: Input: default@alltypesorc
PREHOOK: Output: default@vsmb_bucket_1
POSTHOOK: query: insert into table vsmb_bucket_1 select cint, cstring1 from alltypesorc limit 2
POSTHOOK: type: QUERY
POSTHOOK: Input: default@alltypesorc
POSTHOOK: Output: default@vsmb_bucket_1
POSTHOOK: Lineage: vsmb_bucket_1.key SIMPLE [(alltypesorc)alltypesorc.FieldSchema(name:cint, type:int, comment:from deserializer), ]
POSTHOOK: Lineage: vsmb_bucket_1.value SIMPLE [(alltypesorc)alltypesorc.FieldSchema(name:cstring1, type:string, comment:from deserializer), ]
PREHOOK: query: insert into table vsmb_bucket_2 select cint, cstring1 from alltypesorc limit 2
PREHOOK: type: QUERY
PREHOOK: Input: default@alltypesorc
PREHOOK: Output: default@vsmb_bucket_2
POSTHOOK: query: insert into table vsmb_bucket_2 select cint, cstring1 from alltypesorc limit 2
POSTHOOK: type: QUERY
POSTHOOK: Input: default@alltypesorc
POSTHOOK: Output: default@vsmb_bucket_2
POSTHOOK: Lineage: vsmb_bucket_1.key SIMPLE [(alltypesorc)alltypesorc.FieldSchema(name:cint, type:int, comment:from deserializer), ]
POSTHOOK: Lineage: vsmb_bucket_1.value SIMPLE [(alltypesorc)alltypesorc.FieldSchema(name:cstring1, type:string, comment:from deserializer), ]
POSTHOOK: Lineage: vsmb_bucket_2.key SIMPLE [(alltypesorc)alltypesorc.FieldSchema(name:cint, type:int, comment:from deserializer), ]
POSTHOOK: Lineage: vsmb_bucket_2.value SIMPLE [(alltypesorc)alltypesorc.FieldSchema(name:cstring1, type:string, comment:from deserializer), ]
PREHOOK: query: insert into table vsmb_bucket_RC select cint, cstring1 from alltypesorc limit 2
PREHOOK: type: QUERY
PREHOOK: Input: default@alltypesorc
PREHOOK: Output: default@vsmb_bucket_rc
POSTHOOK: query: insert into table vsmb_bucket_RC select cint, cstring1 from alltypesorc limit 2
POSTHOOK: type: QUERY
POSTHOOK: Input: default@alltypesorc
POSTHOOK: Output: default@vsmb_bucket_rc
POSTHOOK: Lineage: vsmb_bucket_1.key SIMPLE [(alltypesorc)alltypesorc.FieldSchema(name:cint, type:int, comment:from deserializer), ]
POSTHOOK: Lineage: vsmb_bucket_1.value SIMPLE [(alltypesorc)alltypesorc.FieldSchema(name:cstring1, type:string, comment:from deserializer), ]
POSTHOOK: Lineage: vsmb_bucket_2.key SIMPLE [(alltypesorc)alltypesorc.FieldSchema(name:cint, type:int, comment:from deserializer), ]
POSTHOOK: Lineage: vsmb_bucket_2.value SIMPLE [(alltypesorc)alltypesorc.FieldSchema(name:cstring1, type:string, comment:from deserializer), ]
POSTHOOK: Lineage: vsmb_bucket_rc.key SIMPLE [(alltypesorc)alltypesorc.FieldSchema(name:cint, type:int, comment:from deserializer), ]
POSTHOOK: Lineage: vsmb_bucket_rc.value SIMPLE [(alltypesorc)alltypesorc.FieldSchema(name:cstring1, type:string, comment:from deserializer), ]
PREHOOK: query: insert into table vsmb_bucket_TXT select cint, cstring1 from alltypesorc limit 2
PREHOOK: type: QUERY
PREHOOK: Input: default@alltypesorc
PREHOOK: Output: default@vsmb_bucket_txt
POSTHOOK: query: insert into table vsmb_bucket_TXT select cint, cstring1 from alltypesorc limit 2
POSTHOOK: type: QUERY
POSTHOOK: Input: default@alltypesorc
POSTHOOK: Output: default@vsmb_bucket_txt
POSTHOOK: Lineage: vsmb_bucket_1.key SIMPLE [(alltypesorc)alltypesorc.FieldSchema(name:cint, type:int, comment:from deserializer), ]
POSTHOOK: Lineage: vsmb_bucket_1.value SIMPLE [(alltypesorc)alltypesorc.FieldSchema(name:cstring1, type:string, comment:from deserializer), ]
POSTHOOK: Lineage: vsmb_bucket_2.key SIMPLE [(alltypesorc)alltypesorc.FieldSchema(name:cint, type:int, comment:from deserializer), ]
POSTHOOK: Lineage: vsmb_bucket_2.value SIMPLE [(alltypesorc)alltypesorc.FieldSchema(name:cstring1, type:string, comment:from deserializer), ]
POSTHOOK: Lineage: vsmb_bucket_rc.key SIMPLE [(alltypesorc)alltypesorc.FieldSchema(name:cint, type:int, comment:from deserializer), ]
POSTHOOK: Lineage: vsmb_bucket_rc.value SIMPLE [(alltypesorc)alltypesorc.FieldSchema(name:cstring1, type:string, comment:from deserializer), ]
POSTHOOK: Lineage: vsmb_bucket_txt.key SIMPLE [(alltypesorc)alltypesorc.FieldSchema(name:cint, type:int, comment:from deserializer), ]
POSTHOOK: Lineage: vsmb_bucket_txt.value SIMPLE [(alltypesorc)alltypesorc.FieldSchema(name:cstring1, type:string, comment:from deserializer), ]
PREHOOK: query: explain
select /*+MAPJOIN(a)*/ * from vsmb_bucket_1 a join vsmb_bucket_2 b on a.key = b.key
PREHOOK: type: QUERY
POSTHOOK: query: explain
select /*+MAPJOIN(a)*/ * from vsmb_bucket_1 a join vsmb_bucket_2 b on a.key = b.key
POSTHOOK: type: QUERY
POSTHOOK: Lineage: vsmb_bucket_1.key SIMPLE [(alltypesorc)alltypesorc.FieldSchema(name:cint, type:int, comment:from deserializer), ]
POSTHOOK: Lineage: vsmb_bucket_1.value SIMPLE [(alltypesorc)alltypesorc.FieldSchema(name:cstring1, type:string, comment:from deserializer), ]
POSTHOOK: Lineage: vsmb_bucket_2.key SIMPLE [(alltypesorc)alltypesorc.FieldSchema(name:cint, type:int, comment:from deserializer), ]
POSTHOOK: Lineage: vsmb_bucket_2.value SIMPLE [(alltypesorc)alltypesorc.FieldSchema(name:cstring1, type:string, comment:from deserializer), ]
POSTHOOK: Lineage: vsmb_bucket_rc.key SIMPLE [(alltypesorc)alltypesorc.FieldSchema(name:cint, type:int, comment:from deserializer), ]
POSTHOOK: Lineage: vsmb_bucket_rc.value SIMPLE [(alltypesorc)alltypesorc.FieldSchema(name:cstring1, type:string, comment:from deserializer), ]
POSTHOOK: Lineage: vsmb_bucket_txt.key SIMPLE [(alltypesorc)alltypesorc.FieldSchema(name:cint, type:int, comment:from deserializer), ]
POSTHOOK: Lineage: vsmb_bucket_txt.value SIMPLE [(alltypesorc)alltypesorc.FieldSchema(name:cstring1, type:string, comment:from deserializer), ]
ABSTRACT SYNTAX TREE:
  (TOK_QUERY (TOK_FROM (TOK_JOIN (TOK_TABREF (TOK_TABNAME vsmb_bucket_1) a) (TOK_TABREF (TOK_TABNAME vsmb_bucket_2) b) (= (. (TOK_TABLE_OR_COL a) key) (. (TOK_TABLE_OR_COL b) key)))) (TOK_INSERT (TOK_DESTINATION (TOK_DIR TOK_TMP_FILE)) (TOK_SELECT (TOK_HINTLIST (TOK_HINT TOK_MAPJOIN (TOK_HINTARGLIST a))) (TOK_SELEXPR TOK_ALLCOLREF))))

STAGE DEPENDENCIES:
  Stage-1 is a root stage
  Stage-0 is a root stage

STAGE PLANS:
  Stage: Stage-1
    Map Reduce
      Alias -> Map Operator Tree:
        b 
          TableScan
            alias: b
            Sorted Merge Bucket Map Join Operator
              condition map:
                   Inner Join 0 to 1
              condition expressions:
                0 {key} {value}
                1 {key} {value}
              handleSkewJoin: false
              keys:
                0 [Column[key]]
                1 [Column[key]]
              outputColumnNames: _col0, _col1, _col4, _col5
              Position of Big Table: 1
              Vectorized execution: true
              Select Operator
                expressions:
                      expr: _col0
                      type: int
                      expr: _col1
                      type: string
                      expr: _col4
                      type: int
                      expr: _col5
                      type: string
                outputColumnNames: _col0, _col1, _col2, _col3
                Vectorized execution: true
                File Output Operator
                  compressed: false
                  GlobalTableId: 0
                  table:
                      input format: org.apache.hadoop.mapred.TextInputFormat
                      output format: org.apache.hadoop.hive.ql.io.HiveIgnoreKeyTextOutputFormat
                      serde: org.apache.hadoop.hive.serde2.lazy.LazySimpleSerDe
                  Vectorized execution: true

  Stage: Stage-0
    Fetch Operator
      limit: -1

PREHOOK: query: select /*+MAPJOIN(a)*/ * from vsmb_bucket_1 a join vsmb_bucket_2 b on a.key = b.key
PREHOOK: type: QUERY
PREHOOK: Input: default@vsmb_bucket_1
PREHOOK: Input: default@vsmb_bucket_2
#### A masked pattern was here ####
POSTHOOK: query: select /*+MAPJOIN(a)*/ * from vsmb_bucket_1 a join vsmb_bucket_2 b on a.key = b.key
POSTHOOK: type: QUERY
POSTHOOK: Input: default@vsmb_bucket_1
POSTHOOK: Input: default@vsmb_bucket_2
#### A masked pattern was here ####
POSTHOOK: Lineage: vsmb_bucket_1.key SIMPLE [(alltypesorc)alltypesorc.FieldSchema(name:cint, type:int, comment:from deserializer), ]
POSTHOOK: Lineage: vsmb_bucket_1.value SIMPLE [(alltypesorc)alltypesorc.FieldSchema(name:cstring1, type:string, comment:from deserializer), ]
POSTHOOK: Lineage: vsmb_bucket_2.key SIMPLE [(alltypesorc)alltypesorc.FieldSchema(name:cint, type:int, comment:from deserializer), ]
POSTHOOK: Lineage: vsmb_bucket_2.value SIMPLE [(alltypesorc)alltypesorc.FieldSchema(name:cstring1, type:string, comment:from deserializer), ]
POSTHOOK: Lineage: vsmb_bucket_rc.key SIMPLE [(alltypesorc)alltypesorc.FieldSchema(name:cint, type:int, comment:from deserializer), ]
POSTHOOK: Lineage: vsmb_bucket_rc.value SIMPLE [(alltypesorc)alltypesorc.FieldSchema(name:cstring1, type:string, comment:from deserializer), ]
POSTHOOK: Lineage: vsmb_bucket_txt.key SIMPLE [(alltypesorc)alltypesorc.FieldSchema(name:cint, type:int, comment:from deserializer), ]
POSTHOOK: Lineage: vsmb_bucket_txt.value SIMPLE [(alltypesorc)alltypesorc.FieldSchema(name:cstring1, type:string, comment:from deserializer), ]
528534767	cvLH6Eat2yFsyy7p	528534767	cvLH6Eat2yFsyy7p
528534767	cvLH6Eat2yFsyy7p	528534767	cvLH6Eat2yFsyy7p
528534767	cvLH6Eat2yFsyy7p	528534767	cvLH6Eat2yFsyy7p
528534767	cvLH6Eat2yFsyy7p	528534767	cvLH6Eat2yFsyy7p
PREHOOK: query: explain
select /*+MAPJOIN(b)*/ * from vsmb_bucket_1 a join vsmb_bucket_RC b on a.key = b.key
PREHOOK: type: QUERY
POSTHOOK: query: explain
select /*+MAPJOIN(b)*/ * from vsmb_bucket_1 a join vsmb_bucket_RC b on a.key = b.key
POSTHOOK: type: QUERY
POSTHOOK: Lineage: vsmb_bucket_1.key SIMPLE [(alltypesorc)alltypesorc.FieldSchema(name:cint, type:int, comment:from deserializer), ]
POSTHOOK: Lineage: vsmb_bucket_1.value SIMPLE [(alltypesorc)alltypesorc.FieldSchema(name:cstring1, type:string, comment:from deserializer), ]
POSTHOOK: Lineage: vsmb_bucket_2.key SIMPLE [(alltypesorc)alltypesorc.FieldSchema(name:cint, type:int, comment:from deserializer), ]
POSTHOOK: Lineage: vsmb_bucket_2.value SIMPLE [(alltypesorc)alltypesorc.FieldSchema(name:cstring1, type:string, comment:from deserializer), ]
POSTHOOK: Lineage: vsmb_bucket_rc.key SIMPLE [(alltypesorc)alltypesorc.FieldSchema(name:cint, type:int, comment:from deserializer), ]
POSTHOOK: Lineage: vsmb_bucket_rc.value SIMPLE [(alltypesorc)alltypesorc.FieldSchema(name:cstring1, type:string, comment:from deserializer), ]
POSTHOOK: Lineage: vsmb_bucket_txt.key SIMPLE [(alltypesorc)alltypesorc.FieldSchema(name:cint, type:int, comment:from deserializer), ]
POSTHOOK: Lineage: vsmb_bucket_txt.value SIMPLE [(alltypesorc)alltypesorc.FieldSchema(name:cstring1, type:string, comment:from deserializer), ]
ABSTRACT SYNTAX TREE:
  (TOK_QUERY (TOK_FROM (TOK_JOIN (TOK_TABREF (TOK_TABNAME vsmb_bucket_1) a) (TOK_TABREF (TOK_TABNAME vsmb_bucket_RC) b) (= (. (TOK_TABLE_OR_COL a) key) (. (TOK_TABLE_OR_COL b) key)))) (TOK_INSERT (TOK_DESTINATION (TOK_DIR TOK_TMP_FILE)) (TOK_SELECT (TOK_HINTLIST (TOK_HINT TOK_MAPJOIN (TOK_HINTARGLIST b))) (TOK_SELEXPR TOK_ALLCOLREF))))

STAGE DEPENDENCIES:
  Stage-1 is a root stage
  Stage-0 is a root stage

STAGE PLANS:
  Stage: Stage-1
    Map Reduce
      Alias -> Map Operator Tree:
        a 
          TableScan
            alias: a
            Sorted Merge Bucket Map Join Operator
              condition map:
                   Inner Join 0 to 1
              condition expressions:
                0 {key} {value}
                1 {key} {value}
              handleSkewJoin: false
              keys:
                0 [Column[key]]
                1 [Column[key]]
              outputColumnNames: _col0, _col1, _col4, _col5
              Position of Big Table: 0
              Vectorized execution: true
              Select Operator
                expressions:
                      expr: _col0
                      type: int
                      expr: _col1
                      type: string
                      expr: _col4
                      type: int
                      expr: _col5
                      type: string
                outputColumnNames: _col0, _col1, _col2, _col3
                Vectorized execution: true
                File Output Operator
                  compressed: false
                  GlobalTableId: 0
                  table:
                      input format: org.apache.hadoop.mapred.TextInputFormat
                      output format: org.apache.hadoop.hive.ql.io.HiveIgnoreKeyTextOutputFormat
                      serde: org.apache.hadoop.hive.serde2.lazy.LazySimpleSerDe
                  Vectorized execution: true

  Stage: Stage-0
    Fetch Operator
      limit: -1

PREHOOK: query: select /*+MAPJOIN(b)*/ * from vsmb_bucket_1 a join vsmb_bucket_RC b on a.key = b.key
PREHOOK: type: QUERY
PREHOOK: Input: default@vsmb_bucket_1
PREHOOK: Input: default@vsmb_bucket_rc
#### A masked pattern was here ####
POSTHOOK: query: select /*+MAPJOIN(b)*/ * from vsmb_bucket_1 a join vsmb_bucket_RC b on a.key = b.key
POSTHOOK: type: QUERY
POSTHOOK: Input: default@vsmb_bucket_1
POSTHOOK: Input: default@vsmb_bucket_rc
#### A masked pattern was here ####
POSTHOOK: Lineage: vsmb_bucket_1.key SIMPLE [(alltypesorc)alltypesorc.FieldSchema(name:cint, type:int, comment:from deserializer), ]
POSTHOOK: Lineage: vsmb_bucket_1.value SIMPLE [(alltypesorc)alltypesorc.FieldSchema(name:cstring1, type:string, comment:from deserializer), ]
POSTHOOK: Lineage: vsmb_bucket_2.key SIMPLE [(alltypesorc)alltypesorc.FieldSchema(name:cint, type:int, comment:from deserializer), ]
POSTHOOK: Lineage: vsmb_bucket_2.value SIMPLE [(alltypesorc)alltypesorc.FieldSchema(name:cstring1, type:string, comment:from deserializer), ]
POSTHOOK: Lineage: vsmb_bucket_rc.key SIMPLE [(alltypesorc)alltypesorc.FieldSchema(name:cint, type:int, comment:from deserializer), ]
POSTHOOK: Lineage: vsmb_bucket_rc.value SIMPLE [(alltypesorc)alltypesorc.FieldSchema(name:cstring1, type:string, comment:from deserializer), ]
POSTHOOK: Lineage: vsmb_bucket_txt.key SIMPLE [(alltypesorc)alltypesorc.FieldSchema(name:cint, type:int, comment:from deserializer), ]
POSTHOOK: Lineage: vsmb_bucket_txt.value SIMPLE [(alltypesorc)alltypesorc.FieldSchema(name:cstring1, type:string, comment:from deserializer), ]
528534767	cvLH6Eat2yFsyy7p	528534767	cvLH6Eat2yFsyy7p
528534767	cvLH6Eat2yFsyy7p	528534767	cvLH6Eat2yFsyy7p
528534767	cvLH6Eat2yFsyy7p	528534767	cvLH6Eat2yFsyy7p
528534767	cvLH6Eat2yFsyy7p	528534767	cvLH6Eat2yFsyy7p
PREHOOK: query: -- RC file does not yet provide the vectorized CommonRCFileformat out-of-the-box
-- explain
-- select /*+MAPJOIN(b)*/ * from vsmb_bucket_RC a join vsmb_bucket_2 b on a.key = b.key;
-- select /*+MAPJOIN(b)*/ * from vsmb_bucket_RC a join vsmb_bucket_2 b on a.key = b.key;

explain
select /*+MAPJOIN(b)*/ * from vsmb_bucket_1 a join vsmb_bucket_TXT b on a.key = b.key
PREHOOK: type: QUERY
POSTHOOK: query: -- RC file does not yet provide the vectorized CommonRCFileformat out-of-the-box
-- explain
-- select /*+MAPJOIN(b)*/ * from vsmb_bucket_RC a join vsmb_bucket_2 b on a.key = b.key;
-- select /*+MAPJOIN(b)*/ * from vsmb_bucket_RC a join vsmb_bucket_2 b on a.key = b.key;

explain
select /*+MAPJOIN(b)*/ * from vsmb_bucket_1 a join vsmb_bucket_TXT b on a.key = b.key
POSTHOOK: type: QUERY
POSTHOOK: Lineage: vsmb_bucket_1.key SIMPLE [(alltypesorc)alltypesorc.FieldSchema(name:cint, type:int, comment:from deserializer), ]
POSTHOOK: Lineage: vsmb_bucket_1.value SIMPLE [(alltypesorc)alltypesorc.FieldSchema(name:cstring1, type:string, comment:from deserializer), ]
POSTHOOK: Lineage: vsmb_bucket_2.key SIMPLE [(alltypesorc)alltypesorc.FieldSchema(name:cint, type:int, comment:from deserializer), ]
POSTHOOK: Lineage: vsmb_bucket_2.value SIMPLE [(alltypesorc)alltypesorc.FieldSchema(name:cstring1, type:string, comment:from deserializer), ]
POSTHOOK: Lineage: vsmb_bucket_rc.key SIMPLE [(alltypesorc)alltypesorc.FieldSchema(name:cint, type:int, comment:from deserializer), ]
POSTHOOK: Lineage: vsmb_bucket_rc.value SIMPLE [(alltypesorc)alltypesorc.FieldSchema(name:cstring1, type:string, comment:from deserializer), ]
POSTHOOK: Lineage: vsmb_bucket_txt.key SIMPLE [(alltypesorc)alltypesorc.FieldSchema(name:cint, type:int, comment:from deserializer), ]
POSTHOOK: Lineage: vsmb_bucket_txt.value SIMPLE [(alltypesorc)alltypesorc.FieldSchema(name:cstring1, type:string, comment:from deserializer), ]
ABSTRACT SYNTAX TREE:
  (TOK_QUERY (TOK_FROM (TOK_JOIN (TOK_TABREF (TOK_TABNAME vsmb_bucket_1) a) (TOK_TABREF (TOK_TABNAME vsmb_bucket_TXT) b) (= (. (TOK_TABLE_OR_COL a) key) (. (TOK_TABLE_OR_COL b) key)))) (TOK_INSERT (TOK_DESTINATION (TOK_DIR TOK_TMP_FILE)) (TOK_SELECT (TOK_HINTLIST (TOK_HINT TOK_MAPJOIN (TOK_HINTARGLIST b))) (TOK_SELEXPR TOK_ALLCOLREF))))

STAGE DEPENDENCIES:
  Stage-1 is a root stage
  Stage-0 is a root stage

STAGE PLANS:
  Stage: Stage-1
    Map Reduce
      Alias -> Map Operator Tree:
        a 
          TableScan
            alias: a
            Sorted Merge Bucket Map Join Operator
              condition map:
                   Inner Join 0 to 1
              condition expressions:
                0 {key} {value}
                1 {key} {value}
              handleSkewJoin: false
              keys:
                0 [Column[key]]
                1 [Column[key]]
              outputColumnNames: _col0, _col1, _col4, _col5
              Position of Big Table: 0
              Vectorized execution: true
              Select Operator
                expressions:
                      expr: _col0
                      type: int
                      expr: _col1
                      type: string
                      expr: _col4
                      type: int
                      expr: _col5
                      type: string
                outputColumnNames: _col0, _col1, _col2, _col3
                Vectorized execution: true
                File Output Operator
                  compressed: false
                  GlobalTableId: 0
                  table:
                      input format: org.apache.hadoop.mapred.TextInputFormat
                      output format: org.apache.hadoop.hive.ql.io.HiveIgnoreKeyTextOutputFormat
                      serde: org.apache.hadoop.hive.serde2.lazy.LazySimpleSerDe
                  Vectorized execution: true

  Stage: Stage-0
    Fetch Operator
      limit: -1

PREHOOK: query: select /*+MAPJOIN(b)*/ * from vsmb_bucket_1 a join vsmb_bucket_TXT b on a.key = b.key
PREHOOK: type: QUERY
PREHOOK: Input: default@vsmb_bucket_1
PREHOOK: Input: default@vsmb_bucket_txt
#### A masked pattern was here ####
POSTHOOK: query: select /*+MAPJOIN(b)*/ * from vsmb_bucket_1 a join vsmb_bucket_TXT b on a.key = b.key
POSTHOOK: type: QUERY
POSTHOOK: Input: default@vsmb_bucket_1
POSTHOOK: Input: default@vsmb_bucket_txt
#### A masked pattern was here ####
POSTHOOK: Lineage: vsmb_bucket_1.key SIMPLE [(alltypesorc)alltypesorc.FieldSchema(name:cint, type:int, comment:from deserializer), ]
POSTHOOK: Lineage: vsmb_bucket_1.value SIMPLE [(alltypesorc)alltypesorc.FieldSchema(name:cstring1, type:string, comment:from deserializer), ]
POSTHOOK: Lineage: vsmb_bucket_2.key SIMPLE [(alltypesorc)alltypesorc.FieldSchema(name:cint, type:int, comment:from deserializer), ]
POSTHOOK: Lineage: vsmb_bucket_2.value SIMPLE [(alltypesorc)alltypesorc.FieldSchema(name:cstring1, type:string, comment:from deserializer), ]
POSTHOOK: Lineage: vsmb_bucket_rc.key SIMPLE [(alltypesorc)alltypesorc.FieldSchema(name:cint, type:int, comment:from deserializer), ]
POSTHOOK: Lineage: vsmb_bucket_rc.value SIMPLE [(alltypesorc)alltypesorc.FieldSchema(name:cstring1, type:string, comment:from deserializer), ]
POSTHOOK: Lineage: vsmb_bucket_txt.key SIMPLE [(alltypesorc)alltypesorc.FieldSchema(name:cint, type:int, comment:from deserializer), ]
POSTHOOK: Lineage: vsmb_bucket_txt.value SIMPLE [(alltypesorc)alltypesorc.FieldSchema(name:cstring1, type:string, comment:from deserializer), ]
528534767	cvLH6Eat2yFsyy7p	528534767	cvLH6Eat2yFsyy7p
528534767	cvLH6Eat2yFsyy7p	528534767	cvLH6Eat2yFsyy7p
528534767	cvLH6Eat2yFsyy7p	528534767	cvLH6Eat2yFsyy7p
528534767	cvLH6Eat2yFsyy7p	528534767	cvLH6Eat2yFsyy7p
