PREHOOK: query: DROP VIEW xxx6
PREHOOK: type: DROPVIEW
POSTHOOK: query: DROP VIEW xxx6
POSTHOOK: type: DROPVIEW
PREHOOK: query: CREATE VIEW xxx6
PARTITIONED ON (value)
AS 
SELECT * FROM src
PREHOOK: type: CREATEVIEW
POSTHOOK: query: CREATE VIEW xxx6
PARTITIONED ON (value)
AS 
SELECT * FROM src
POSTHOOK: type: CREATEVIEW
POSTHOOK: Output: default@xxx6
FAILED: SemanticException Partition spec {v=val_86} contains non-partition columns
